// Vitest Snapshot v1, https://vitest.dev/guide/snapshot.html

exports[`jobfs > readSource > matches job 1`] = `
WorkElement {
  "__handle": [Function],
  "__input": [
    PathBase {
      "relativeTo": PathBase {
        "relativeTo": PathBase {
          "relativeTo": PathHandleBase {},
          "subpath": "src/tasks",
        },
        "subpath": "__fixtures__",
      },
      "subpath": "emptyobject.json",
    },
  ],
}
`;
